// Jest Snapshot v1, https://goo.gl/fbAQLP

exports[`test rules parse: module 1`] = `"module"`;
